<html>
<body>
<pre>
<h1>µVision Build Log</h1>
<h2>Project:</h2>
C:\Users\Gunalan Karun\Desktop\LAB 10 - FIFA3K19\FIFA3K19.uvproj
Project File Date:  05/05/2015

<h2>Output:</h2>
Rebuild target 'Fifa3K19'
assembling startup.s...
assembling LCD.s...
compiling ADC.c...
compiling ST7735.c...
compiling FIFA3K19.c...
compiling dac.c...
linking...
Program Size: Code=11760 RO-data=52180 RW-data=504 ZI-data=1176  
".\Lab8.axf" - 0 Error(s), 0 Warning(s).
</pre>
</body>
</html>
\Lab8.axf" - 1 Error(s), 0 Warning(s).
Target not created
en source input file "Timer1.c": No such file or directory
Timer1.c: 0 warnings, 1 error
".\Lab8.axf" - 2 Error(s), 0 Warning(s).
Target not created
