<html>
<body>
<pre>
<h1>µVision Build Log</h1>
<h2>Project:</h2>
C:\Users\Gunalan Karun\Desktop\LAB 10 - FIFA3K19_nosound\FIFA3K19.uvproj
Project File Date:  05/05/2015

<h2>Output:</h2>
Rebuild target 'Fifa3K19'
assembling startup.s...
assembling LCD.s...
compiling ADC.c...
compiling ST7735.c...
compiling FIFA3K19.c...
linking...
Program Size: Code=11180 RO-data=52052 RW-data=484 ZI-data=1180  
".\Lab8.axf" - 0 Error(s), 0 Warning(s).
Load "C:\\Users\\Gunalan Karun\\Desktop\\LAB 10 - FIFA3K19_nosound\\Lab8.axf" 
Connecting: Mode=JTAG, Speed=1000000Hz
Erase Done.
Programming Done.
Verify OK.
</pre>
</body>
</html>
